Archive member included to satisfy reference by file (symbol)

/opt/st/stm32cubeide_1.11.2/plugins/com.st.stm32cube.ide.mcu.externaltools.gnu-tools-for-stm32.10.3-2021.10.linux64_1.0.100.202210260954/tools/bin/../lib/gcc/arm-none-eabi/10.3.1/../../../../arm-none-eabi/lib/thumb/v7e-m+dp/hard/libc_nano.a(lib_a-errno.o)
                              ./Core/Src/syscalls.o (__errno)
/opt/st/stm32cubeide_1.11.2/plugins/com.st.stm32cube.ide.mcu.externaltools.gnu-tools-for-stm32.10.3-2021.10.linux64_1.0.100.202210260954/tools/bin/../lib/gcc/arm-none-eabi/10.3.1/../../../../arm-none-eabi/lib/thumb/v7e-m+dp/hard/libc_nano.a(lib_a-exit.o)
                              /opt/st/stm32cubeide_1.11.2/plugins/com.st.stm32cube.ide.mcu.externaltools.gnu-tools-for-stm32.10.3-2021.10.linux64_1.0.100.202210260954/tools/bin/../lib/gcc/arm-none-eabi/10.3.1/../../../../arm-none-eabi/lib/thumb/v7e-m+dp/hard/crt0.o (exit)
/opt/st/stm32cubeide_1.11.2/plugins/com.st.stm32cube.ide.mcu.externaltools.gnu-tools-for-stm32.10.3-2021.10.linux64_1.0.100.202210260954/tools/bin/../lib/gcc/arm-none-eabi/10.3.1/../../../../arm-none-eabi/lib/thumb/v7e-m+dp/hard/libc_nano.a(lib_a-impure.o)
                              /opt/st/stm32cubeide_1.11.2/plugins/com.st.stm32cube.ide.mcu.externaltools.gnu-tools-for-stm32.10.3-2021.10.linux64_1.0.100.202210260954/tools/bin/../lib/gcc/arm-none-eabi/10.3.1/../../../../arm-none-eabi/lib/thumb/v7e-m+dp/hard/libc_nano.a(lib_a-exit.o) (_global_impure_ptr)
/opt/st/stm32cubeide_1.11.2/plugins/com.st.stm32cube.ide.mcu.externaltools.gnu-tools-for-stm32.10.3-2021.10.linux64_1.0.100.202210260954/tools/bin/../lib/gcc/arm-none-eabi/10.3.1/../../../../arm-none-eabi/lib/thumb/v7e-m+dp/hard/libc_nano.a(lib_a-init.o)
                              /opt/st/stm32cubeide_1.11.2/plugins/com.st.stm32cube.ide.mcu.externaltools.gnu-tools-for-stm32.10.3-2021.10.linux64_1.0.100.202210260954/tools/bin/../lib/gcc/arm-none-eabi/10.3.1/../../../../arm-none-eabi/lib/thumb/v7e-m+dp/hard/crt0.o (__libc_init_array)
/opt/st/stm32cubeide_1.11.2/plugins/com.st.stm32cube.ide.mcu.externaltools.gnu-tools-for-stm32.10.3-2021.10.linux64_1.0.100.202210260954/tools/bin/../lib/gcc/arm-none-eabi/10.3.1/../../../../arm-none-eabi/lib/thumb/v7e-m+dp/hard/libc_nano.a(lib_a-memset.o)
                              /opt/st/stm32cubeide_1.11.2/plugins/com.st.stm32cube.ide.mcu.externaltools.gnu-tools-for-stm32.10.3-2021.10.linux64_1.0.100.202210260954/tools/bin/../lib/gcc/arm-none-eabi/10.3.1/../../../../arm-none-eabi/lib/thumb/v7e-m+dp/hard/crt0.o (memset)
/opt/st/stm32cubeide_1.11.2/plugins/com.st.stm32cube.ide.mcu.externaltools.gnu-tools-for-stm32.10.3-2021.10.linux64_1.0.100.202210260954/tools/bin/../lib/gcc/arm-none-eabi/10.3.1/thumb/v7e-m+dp/hard/libgcc.a(_aeabi_uldivmod.o)
                              ./Drivers/STM32F7xx_HAL_Driver/Src/stm32f7xx_hal_rcc.o (__aeabi_uldivmod)
/opt/st/stm32cubeide_1.11.2/plugins/com.st.stm32cube.ide.mcu.externaltools.gnu-tools-for-stm32.10.3-2021.10.linux64_1.0.100.202210260954/tools/bin/../lib/gcc/arm-none-eabi/10.3.1/thumb/v7e-m+dp/hard/libgcc.a(_udivmoddi4.o)
                              /opt/st/stm32cubeide_1.11.2/plugins/com.st.stm32cube.ide.mcu.externaltools.gnu-tools-for-stm32.10.3-2021.10.linux64_1.0.100.202210260954/tools/bin/../lib/gcc/arm-none-eabi/10.3.1/thumb/v7e-m+dp/hard/libgcc.a(_aeabi_uldivmod.o) (__udivmoddi4)
/opt/st/stm32cubeide_1.11.2/plugins/com.st.stm32cube.ide.mcu.externaltools.gnu-tools-for-stm32.10.3-2021.10.linux64_1.0.100.202210260954/tools/bin/../lib/gcc/arm-none-eabi/10.3.1/thumb/v7e-m+dp/hard/libgcc.a(_dvmd_tls.o)
                              /opt/st/stm32cubeide_1.11.2/plugins/com.st.stm32cube.ide.mcu.externaltools.gnu-tools-for-stm32.10.3-2021.10.linux64_1.0.100.202210260954/tools/bin/../lib/gcc/arm-none-eabi/10.3.1/thumb/v7e-m+dp/hard/libgcc.a(_aeabi_uldivmod.o) (__aeabi_ldiv0)

Discarded input sections

 .text          0x0000000000000000        0x0 /opt/st/stm32cubeide_1.11.2/plugins/com.st.stm32cube.ide.mcu.externaltools.gnu-tools-for-stm32.10.3-2021.10.linux64_1.0.100.202210260954/tools/bin/../lib/gcc/arm-none-eabi/10.3.1/thumb/v7e-m+dp/hard/crti.o
 .data          0x0000000000000000        0x0 /opt/st/stm32cubeide_1.11.2/plugins/com.st.stm32cube.ide.mcu.externaltools.gnu-tools-for-stm32.10.3-2021.10.linux64_1.0.100.202210260954/tools/bin/../lib/gcc/arm-none-eabi/10.3.1/thumb/v7e-m+dp/hard/crti.o
 .bss           0x0000000000000000        0x0 /opt/st/stm32cubeide_1.11.2/plugins/com.st.stm32cube.ide.mcu.externaltools.gnu-tools-for-stm32.10.3-2021.10.linux64_1.0.100.202210260954/tools/bin/../lib/gcc/arm-none-eabi/10.3.1/thumb/v7e-m+dp/hard/crti.o
 .data          0x0000000000000000        0x4 /opt/st/stm32cubeide_1.11.2/plugins/com.st.stm32cube.ide.mcu.externaltools.gnu-tools-for-stm32.10.3-2021.10.linux64_1.0.100.202210260954/tools/bin/../lib/gcc/arm-none-eabi/10.3.1/thumb/v7e-m+dp/hard/crtbegin.o
[...]
Memory Configuration

Name             Origin             Length             Attributes
RAM              0x0000000020000000 0x0000000000080000 xrw
FLASH            0x0000000008000000 0x0000000000200000 xr
*default*        0x0000000000000000 0xffffffffffffffff

Linker script and memory map

LOAD /opt/st/stm32cubeide_1.11.2/plugins/com.st.stm32cube.ide.mcu.externaltools.gnu-tools-for-stm32.10.3-2021.10.linux64_1.0.100.202210260954/tools/bin/../lib/gcc/arm-none-eabi/10.3.1/thumb/v7e-m+dp/hard/crti.o
LOAD /opt/st/stm32cubeide_1.11.2/plugins/com.st.stm32cube.ide.mcu.externaltools.gnu-tools-for-stm32.10.3-2021.10.linux64_1.0.100.202210260954/tools/bin/../lib/gcc/arm-none-eabi/10.3.1/thumb/v7e-m+dp/hard/crtbegin.o
LOAD /opt/st/stm32cubeide_1.11.2/plugins/com.st.stm32cube.ide.mcu.externaltools.gnu-tools-for-stm32.10.3-2021.10.linux64_1.0.100.202210260954/tools/bin/../lib/gcc/arm-none-eabi/10.3.1/../../../../arm-none-eabi/lib/thumb/v7e-m+dp/hard/crt0.o
LOAD ./Core/Src/main.o
LOAD ./Core/Src/stm32f7xx_hal_msp.o
LOAD ./Core/Src/stm32f7xx_it.o
LOAD ./Core/Src/syscalls.o
LOAD ./Core/Src/sysmem.o
LOAD ./Core/Src/system_stm32f7xx.o
LOAD ./Core/Startup/startup_stm32f767zitx.o
LOAD ./Drivers/STM32F7xx_HAL_Driver/Src/stm32f7xx_hal.o
LOAD ./Drivers/STM32F7xx_HAL_Driver/Src/stm32f7xx_hal_cortex.o
LOAD ./Drivers/STM32F7xx_HAL_Driver/Src/stm32f7xx_hal_dma.o
LOAD ./Drivers/STM32F7xx_HAL_Driver/Src/stm32f7xx_hal_dma_ex.o
LOAD ./Drivers/STM32F7xx_HAL_Driver/Src/stm32f7xx_hal_eth.o
LOAD ./Drivers/STM32F7xx_HAL_Driver/Src/stm32f7xx_hal_exti.o
LOAD ./Drivers/STM32F7xx_HAL_Driver/Src/stm32f7xx_hal_flash.o
LOAD ./Drivers/STM32F7xx_HAL_Driver/Src/stm32f7xx_hal_flash_ex.o
LOAD ./Drivers/STM32F7xx_HAL_Driver/Src/stm32f7xx_hal_gpio.o
LOAD ./Drivers/STM32F7xx_HAL_Driver/Src/stm32f7xx_hal_i2c.o
LOAD ./Drivers/STM32F7xx_HAL_Driver/Src/stm32f7xx_hal_i2c_ex.o
LOAD ./Drivers/STM32F7xx_HAL_Driver/Src/stm32f7xx_hal_pcd.o
LOAD ./Drivers/STM32F7xx_HAL_Driver/Src/stm32f7xx_hal_pcd_ex.o
LOAD ./Drivers/STM32F7xx_HAL_Driver/Src/stm32f7xx_hal_pwr.o
LOAD ./Drivers/STM32F7xx_HAL_Driver/Src/stm32f7xx_hal_pwr_ex.o
LOAD ./Drivers/STM32F7xx_HAL_Driver/Src/stm32f7xx_hal_rcc.o
LOAD ./Drivers/STM32F7xx_HAL_Driver/Src/stm32f7xx_hal_rcc_ex.o
LOAD ./Drivers/STM32F7xx_HAL_Driver/Src/stm32f7xx_hal_tim.o
LOAD ./Drivers/STM32F7xx_HAL_Driver/Src/stm32f7xx_hal_tim_ex.o
LOAD ./Drivers/STM32F7xx_HAL_Driver/Src/stm32f7xx_hal_uart.o
LOAD ./Drivers/STM32F7xx_HAL_Driver/Src/stm32f7xx_hal_uart_ex.o
LOAD ./Drivers/STM32F7xx_HAL_Driver/Src/stm32f7xx_ll_usb.o
START GROUP
LOAD /opt/st/stm32cubeide_1.11.2/plugins/com.st.stm32cube.ide.mcu.externaltools.gnu-tools-for-stm32.10.3-2021.10.linux64_1.0.100.202210260954/tools/bin/../lib/gcc/arm-none-eabi/10.3.1/../../../../arm-none-eabi/lib/thumb/v7e-m+dp/hard/libc_nano.a
LOAD /opt/st/stm32cubeide_1.11.2/plugins/com.st.stm32cube.ide.mcu.externaltools.gnu-tools-for-stm32.10.3-2021.10.linux64_1.0.100.202210260954/tools/bin/../lib/gcc/arm-none-eabi/10.3.1/../../../../arm-none-eabi/lib/thumb/v7e-m+dp/hard/libm.a
END GROUP
START GROUP
LOAD /opt/st/stm32cubeide_1.11.2/plugins/com.st.stm32cube.ide.mcu.externaltools.gnu-tools-for-stm32.10.3-2021.10.linux64_1.0.100.202210260954/tools/bin/../lib/gcc/arm-none-eabi/10.3.1/thumb/v7e-m+dp/hard/libgcc.a
LOAD /opt/st/stm32cubeide_1.11.2/plugins/com.st.stm32cube.ide.mcu.externaltools.gnu-tools-for-stm32.10.3-2021.10.linux64_1.0.100.202210260954/tools/bin/../lib/gcc/arm-none-eabi/10.3.1/../../../../arm-none-eabi/lib/thumb/v7e-m+dp/hard/libc_nano.a
END GROUP
START GROUP
LOAD /opt/st/stm32cubeide_1.11.2/plugins/com.st.stm32cube.ide.mcu.externaltools.gnu-tools-for-stm32.10.3-2021.10.linux64_1.0.100.202210260954/tools/bin/../lib/gcc/arm-none-eabi/10.3.1/thumb/v7e-m+dp/hard/libgcc.a
LOAD /opt/st/stm32cubeide_1.11.2/plugins/com.st.stm32cube.ide.mcu.externaltools.gnu-tools-for-stm32.10.3-2021.10.linux64_1.0.100.202210260954/tools/bin/../lib/gcc/arm-none-eabi/10.3.1/../../../../arm-none-eabi/lib/thumb/v7e-m+dp/hard/libc_nano.a
LOAD /opt/st/stm32cubeide_1.11.2/plugins/com.st.stm32cube.ide.mcu.externaltools.gnu-tools-for-stm32.10.3-2021.10.linux64_1.0.100.202210260954/tools/bin/../lib/gcc/arm-none-eabi/10.3.1/../../../../arm-none-eabi/lib/thumb/v7e-m+dp/hard/libnosys.a
END GROUP
START GROUP
LOAD /opt/st/stm32cubeide_1.11.2/plugins/com.st.stm32cube.ide.mcu.externaltools.gnu-tools-for-stm32.10.3-2021.10.linux64_1.0.100.202210260954/tools/bin/../lib/gcc/arm-none-eabi/10.3.1/thumb/v7e-m+dp/hard/libgcc.a
LOAD /opt/st/stm32cubeide_1.11.2/plugins/com.st.stm32cube.ide.mcu.externaltools.gnu-tools-for-stm32.10.3-2021.10.linux64_1.0.100.202210260954/tools/bin/../lib/gcc/arm-none-eabi/10.3.1/../../../../arm-none-eabi/lib/thumb/v7e-m+dp/hard/libc_nano.a
LOAD /opt/st/stm32cubeide_1.11.2/plugins/com.st.stm32cube.ide.mcu.externaltools.gnu-tools-for-stm32.10.3-2021.10.linux64_1.0.100.202210260954/tools/bin/../lib/gcc/arm-none-eabi/10.3.1/../../../../arm-none-eabi/lib/thumb/v7e-m+dp/hard/libnosys.a
END GROUP
LOAD /opt/st/stm32cubeide_1.11.2/plugins/com.st.stm32cube.ide.mcu.externaltools.gnu-tools-for-stm32.10.3-2021.10.linux64_1.0.100.202210260954/tools/bin/../lib/gcc/arm-none-eabi/10.3.1/thumb/v7e-m+dp/hard/crtend.o
LOAD /opt/st/stm32cubeide_1.11.2/plugins/com.st.stm32cube.ide.mcu.externaltools.gnu-tools-for-stm32.10.3-2021.10.linux64_1.0.100.202210260954/tools/bin/../lib/gcc/arm-none-eabi/10.3.1/thumb/v7e-m+dp/hard/crtn.o
                0x0000000020080000                _estack = (ORIGIN (RAM) + LENGTH (RAM))
                0x0000000000000200                _Min_Heap_Size = 0x200
                0x0000000000000400                _Min_Stack_Size = 0x400

.isr_vector     0x0000000008000000      0x1f8
                0x0000000008000000                . = ALIGN (0x4)
 *(.isr_vector)
 .isr_vector    0x0000000008000000      0x1f8 ./Core/Startup/startup_stm32f767zitx.o
                0x0000000008000000                g_pfnVectors
                0x00000000080001f8                . = ALIGN (0x4)

.text           0x00000000080001f8     0x3c8c
                0x00000000080001f8                . = ALIGN (0x4)
 *(.text)
 .text          0x00000000080001f8       0x40 /opt/st/stm32cubeide_1.11.2/plugins/com.st.stm32cube.ide.mcu.externaltools.gnu-tools-for-stm32.10.3-2021.10.linux64_1.0.100.202210260954/tools/bin/../lib/gcc/arm-none-eabi/10.3.1/thumb/v7e-m+dp/hard/crtbegin.o
 .text          0x0000000008000238       0x30 /opt/st/stm32cubeide_1.11.2/plugins/com.st.stm32cube.ide.mcu.externaltools.gnu-tools-for-stm32.10.3-2021.10.linux64_1.0.100.202210260954/tools/bin/../lib/gcc/arm-none-eabi/10.3.1/thumb/v7e-m+dp/hard/libgcc.a(_aeabi_uldivmod.o)
                0x0000000008000238                __aeabi_uldivmod
 .text          0x0000000008000268      0x2d0 /opt/st/stm32cubeide_1.11.2/plugins/com.st.stm32cube.ide.mcu.externaltools.gnu-tools-for-stm32.10.3-2021.10.linux64_1.0.100.202210260954/tools/bin/../lib/gcc/arm-none-eabi/10.3.1/thumb/v7e-m+dp/hard/libgcc.a(_udivmoddi4.o)
                0x0000000008000268                __udivmoddi4
 .text          0x0000000008000538        0x4 /opt/st/stm32cubeide_1.11.2/plugins/com.st.stm32cube.ide.mcu.externaltools.gnu-tools-for-stm32.10.3-2021.10.linux64_1.0.100.202210260954/tools/bin/../lib/gcc/arm-none-eabi/10.3.1/thumb/v7e-m+dp/hard/libgcc.a(_dvmd_tls.o)
                0x0000000008000538                __aeabi_ldiv0
                0x0000000008000538                __aeabi_idiv0
 *(.text*)
 .text.main     0x000000000800053c       0x70 ./Core/Src/main.o
                0x000000000800053c                main
 .text.SystemClock_Config
                0x00000000080005ac       0xe4 ./Core/Src/main.o
                0x00000000080005ac                SystemClock_Config
 .text.MX_ETH_Init
                0x0000000008000690       0x9c ./Core/Src/main.o
 .text.MX_USART3_UART_Init
                0x000000000800072c       0x60 ./Core/Src/main.o
 .text.MX_USB_OTG_FS_PCD_Init
                0x000000000800078c       0x5c ./Core/Src/main.o
 .text.MX_GPIO_Init
                0x00000000080007e8      0x144 ./Core/Src/main.o
 .text.Error_Handler
                0x000000000800092c        0xa ./Core/Src/main.o
                0x000000000800092c                Error_Handler
 *fill*         0x0000000008000936        0x2 
 .text.HAL_MspInit
                0x0000000008000938       0x48 ./Core/Src/stm32f7xx_hal_msp.o
                0x0000000008000938                HAL_MspInit
 .text.HAL_ETH_MspInit
                0x0000000008000980      0x170 ./Core/Src/stm32f7xx_hal_msp.o
                0x0000000008000980                HAL_ETH_MspInit
 .text.HAL_UART_MspInit
                0x0000000008000af0       0xc0 ./Core/Src/stm32f7xx_hal_msp.o
                0x0000000008000af0                HAL_UART_MspInit
 .text.HAL_PCD_MspInit
                0x0000000008000bb0       0xf4 ./Core/Src/stm32f7xx_hal_msp.o
                0x0000000008000bb0                HAL_PCD_MspInit
 .text.NMI_Handler
                0x0000000008000ca4        0x6 ./Core/Src/stm32f7xx_it.o
                0x0000000008000ca4                NMI_Handler
 .text.HardFault_Handler
                0x0000000008000caa        0x6 ./Core/Src/stm32f7xx_it.o
                0x0000000008000caa                HardFault_Handler
 .text.MemManage_Handler
                0x0000000008000cb0        0x6 ./Core/Src/stm32f7xx_it.o
                0x0000000008000cb0                MemManage_Handler
 .text.BusFault_Handler
                0x0000000008000cb6        0x6 ./Core/Src/stm32f7xx_it.o
                0x0000000008000cb6                BusFault_Handler
 .text.UsageFault_Handler
                0x0000000008000cbc        0x6 ./Core/Src/stm32f7xx_it.o
                0x0000000008000cbc                UsageFault_Handler
 .text.SVC_Handler
                0x0000000008000cc2        0xe ./Core/Src/stm32f7xx_it.o
                0x0000000008000cc2                SVC_Handler
 .text.DebugMon_Handler
                0x0000000008000cd0        0xe ./Core/Src/stm32f7xx_it.o
                0x0000000008000cd0                DebugMon_Handler
 .text.PendSV_Handler
                0x0000000008000cde        0xe ./Core/Src/stm32f7xx_it.o
                0x0000000008000cde                PendSV_Handler
 .text.SysTick_Handler
                0x0000000008000cec        0xc ./Core/Src/stm32f7xx_it.o
                0x0000000008000cec                SysTick_Handler
 .text.SystemInit
                0x0000000008000cf8       0x24 ./Core/Src/system_stm32f7xx.o
                0x0000000008000cf8                SystemInit
 .text.Reset_Handler
                0x0000000008000d1c       0x50 ./Core/Startup/startup_stm32f767zitx.o
                0x0000000008000d1c                Reset_Handler
 .text.Default_Handler
                0x0000000008000d6c        0x2 ./Core/Startup/startup_stm32f767zitx.o
                0x0000000008000d6c                RTC_Alarm_IRQHandler
                0x0000000008000d6c                EXTI2_IRQHandler
                0x0000000008000d6c                TIM8_CC_IRQHandler
                0x0000000008000d6c                UART8_IRQHandler
                0x0000000008000d6c                SPI4_IRQHandler
                0x0000000008000d6c                TIM1_CC_IRQHandler
                0x0000000008000d6c                DMA2_Stream5_IRQHandler
                0x0000000008000d6c                JPEG_IRQHandler
                0x0000000008000d6c                DMA1_Stream5_IRQHandler
                0x0000000008000d6c                CAN3_RX1_IRQHandler
                0x0000000008000d6c                PVD_IRQHandler
                0x0000000008000d6c                TAMP_STAMP_IRQHandler
                0x0000000008000d6c                CAN2_RX1_IRQHandler
                0x0000000008000d6c                EXTI3_IRQHandler
                0x0000000008000d6c                TIM8_TRG_COM_TIM14_IRQHandler
                0x0000000008000d6c                DFSDM1_FLT1_IRQHandler
                0x0000000008000d6c                TIM1_UP_TIM10_IRQHandler
                0x0000000008000d6c                TIM8_UP_TIM13_IRQHandler
                0x0000000008000d6c                I2C3_ER_IRQHandler
                0x0000000008000d6c                DFSDM1_FLT2_IRQHandler
                0x0000000008000d6c                EXTI0_IRQHandler
                0x0000000008000d6c                I2C2_EV_IRQHandler
                0x0000000008000d6c                DMA1_Stream2_IRQHandler
                0x0000000008000d6c                CAN1_RX0_IRQHandler
                0x0000000008000d6c                FPU_IRQHandler
                0x0000000008000d6c                OTG_HS_WKUP_IRQHandler
                0x0000000008000d6c                CAN3_SCE_IRQHandler
                0x0000000008000d6c                LTDC_ER_IRQHandler
                0x0000000008000d6c                CAN2_SCE_IRQHandler
                0x0000000008000d6c                DMA2_Stream2_IRQHandler
                0x0000000008000d6c                SPI1_IRQHandler
                0x0000000008000d6c                TIM6_DAC_IRQHandler
                0x0000000008000d6c                TIM1_BRK_TIM9_IRQHandler
                0x0000000008000d6c                DCMI_IRQHandler
                0x0000000008000d6c                CAN2_RX0_IRQHandler
                0x0000000008000d6c                DMA2_Stream3_IRQHandler
                0x0000000008000d6c                SAI2_IRQHandler
                0x0000000008000d6c                DFSDM1_FLT3_IRQHandler
                0x0000000008000d6c                USART6_IRQHandler
                0x0000000008000d6c                CAN3_RX0_IRQHandler
                0x0000000008000d6c                USART3_IRQHandler
                0x0000000008000d6c                CAN1_RX1_IRQHandler
                0x0000000008000d6c                UART5_IRQHandler
                0x0000000008000d6c                DMA2_Stream0_IRQHandler
                0x0000000008000d6c                TIM4_IRQHandler
                0x0000000008000d6c                QUADSPI_IRQHandler
                0x0000000008000d6c                I2C1_EV_IRQHandler
                0x0000000008000d6c                DMA1_Stream6_IRQHandler
                0x0000000008000d6c                DMA1_Stream1_IRQHandler
                0x0000000008000d6c                UART4_IRQHandler
                0x0000000008000d6c                TIM3_IRQHandler
                0x0000000008000d6c                RCC_IRQHandler
                0x0000000008000d6c                TIM8_BRK_TIM12_IRQHandler
                0x0000000008000d6c                Default_Handler
                0x0000000008000d6c                CEC_IRQHandler
                0x0000000008000d6c                EXTI15_10_IRQHandler
                0x0000000008000d6c                ADC_IRQHandler
                0x0000000008000d6c                DMA1_Stream7_IRQHandler
                0x0000000008000d6c                SPI5_IRQHandler
                0x0000000008000d6c                TIM7_IRQHandler
                0x0000000008000d6c                SDMMC1_IRQHandler
                0x0000000008000d6c                CAN2_TX_IRQHandler
                0x0000000008000d6c                TIM5_IRQHandler
                0x0000000008000d6c                DMA2_Stream7_IRQHandler
                0x0000000008000d6c                I2C3_EV_IRQHandler
                0x0000000008000d6c                EXTI9_5_IRQHandler
                0x0000000008000d6c                RTC_WKUP_IRQHandler
                0x0000000008000d6c                LTDC_IRQHandler
                0x0000000008000d6c                ETH_WKUP_IRQHandler
                0x0000000008000d6c                SPDIF_RX_IRQHandler
                0x0000000008000d6c                SPI2_IRQHandler
                0x0000000008000d6c                OTG_HS_EP1_IN_IRQHandler
                0x0000000008000d6c                DMA1_Stream0_IRQHandler
                0x0000000008000d6c                CAN1_TX_IRQHandler
                0x0000000008000d6c                EXTI4_IRQHandler
                0x0000000008000d6c                RNG_IRQHandler
                0x0000000008000d6c                ETH_IRQHandler
                0x0000000008000d6c                OTG_HS_EP1_OUT_IRQHandler
                0x0000000008000d6c                WWDG_IRQHandler
                0x0000000008000d6c                SPI6_IRQHandler
                0x0000000008000d6c                MDIOS_IRQHandler
                0x0000000008000d6c                I2C4_EV_IRQHandler
                0x0000000008000d6c                CAN3_TX_IRQHandler
                0x0000000008000d6c                TIM2_IRQHandler
                0x0000000008000d6c                OTG_FS_WKUP_IRQHandler
                0x0000000008000d6c                TIM1_TRG_COM_TIM11_IRQHandler
                0x0000000008000d6c                OTG_HS_IRQHandler
                0x0000000008000d6c                DMA2D_IRQHandler
                0x0000000008000d6c                EXTI1_IRQHandler
                0x0000000008000d6c                SDMMC2_IRQHandler
                0x0000000008000d6c                UART7_IRQHandler
                0x0000000008000d6c                USART2_IRQHandler
                0x0000000008000d6c                DFSDM1_FLT0_IRQHandler
                0x0000000008000d6c                I2C2_ER_IRQHandler
                0x0000000008000d6c                DMA2_Stream1_IRQHandler
                0x0000000008000d6c                CAN1_SCE_IRQHandler
                0x0000000008000d6c                FLASH_IRQHandler
                0x0000000008000d6c                DMA2_Stream4_IRQHandler
                0x0000000008000d6c                USART1_IRQHandler
                0x0000000008000d6c                OTG_FS_IRQHandler
                0x0000000008000d6c                SPI3_IRQHandler
                0x0000000008000d6c                DMA1_Stream4_IRQHandler
                0x0000000008000d6c                I2C1_ER_IRQHandler
                0x0000000008000d6c                FMC_IRQHandler
                0x0000000008000d6c                LPTIM1_IRQHandler
                0x0000000008000d6c                I2C4_ER_IRQHandler
                0x0000000008000d6c                DMA2_Stream6_IRQHandler
                0x0000000008000d6c                SAI1_IRQHandler
                0x0000000008000d6c                DMA1_Stream3_IRQHandler
 .text.HAL_Init
                0x0000000008000d6e       0x1a ./Drivers/STM32F7xx_HAL_Driver/Src/stm32f7xx_hal.o
                0x0000000008000d6e                HAL_Init
 .text.HAL_InitTick
                0x0000000008000d88       0x60 ./Drivers/STM32F7xx_HAL_Driver/Src/stm32f7xx_hal.o
                0x0000000008000d88                HAL_InitTick
 .text.HAL_IncTick
                0x0000000008000de8       0x28 ./Drivers/STM32F7xx_HAL_Driver/Src/stm32f7xx_hal.o
                0x0000000008000de8                HAL_IncTick
 .text.HAL_GetTick
                0x0000000008000e10       0x18 ./Drivers/STM32F7xx_HAL_Driver/Src/stm32f7xx_hal.o
                0x0000000008000e10                HAL_GetTick
 .text.HAL_Delay
                0x0000000008000e28       0x48 ./Drivers/STM32F7xx_HAL_Driver/Src/stm32f7xx_hal.o
                0x0000000008000e28                HAL_Delay
 .text.__NVIC_SetPriorityGrouping
                0x0000000008000e70       0x48 ./Drivers/STM32F7xx_HAL_Driver/Src/stm32f7xx_hal_cortex.o
 .text.__NVIC_GetPriorityGrouping
                0x0000000008000eb8       0x1c ./Drivers/STM32F7xx_HAL_Driver/Src/stm32f7xx_hal_cortex.o
 .text.__NVIC_SetPriority
                0x0000000008000ed4       0x54 ./Drivers/STM32F7xx_HAL_Driver/Src/stm32f7xx_hal_cortex.o
 .text.NVIC_EncodePriority
                0x0000000008000f28       0x66 ./Drivers/STM32F7xx_HAL_Driver/Src/stm32f7xx_hal_cortex.o
 *fill*         0x0000000008000f8e        0x2 
 .text.SysTick_Config
                0x0000000008000f90       0x44 ./Drivers/STM32F7xx_HAL_Driver/Src/stm32f7xx_hal_cortex.o
 .text.HAL_NVIC_SetPriorityGrouping
                0x0000000008000fd4       0x16 ./Drivers/STM32F7xx_HAL_Driver/Src/stm32f7xx_hal_cortex.o
                0x0000000008000fd4                HAL_NVIC_SetPriorityGrouping
 .text.HAL_NVIC_SetPriority
                0x0000000008000fea       0x38 ./Drivers/STM32F7xx_HAL_Driver/Src/stm32f7xx_hal_cortex.o
                0x0000000008000fea                HAL_NVIC_SetPriority
 .text.HAL_SYSTICK_Config
                0x0000000008001022       0x18 ./Drivers/STM32F7xx_HAL_Driver/Src/stm32f7xx_hal_cortex.o
                0x0000000008001022                HAL_SYSTICK_Config
 *fill*         0x000000000800103a        0x2 
 .text.HAL_ETH_Init
                0x000000000800103c       0xf8 ./Drivers/STM32F7xx_HAL_Driver/Src/stm32f7xx_hal_eth.o
                0x000000000800103c                HAL_ETH_Init
 .text.ETH_SetMACConfig
                0x0000000008001134      0x160 ./Drivers/STM32F7xx_HAL_Driver/Src/stm32f7xx_hal_eth.o
 .text.ETH_SetDMAConfig
                0x0000000008001294      0x114 ./Drivers/STM32F7xx_HAL_Driver/Src/stm32f7xx_hal_eth.o
 .text.ETH_MACDMAConfig
                0x00000000080013a8       0xe4 ./Drivers/STM32F7xx_HAL_Driver/Src/stm32f7xx_hal_eth.o
 .text.ETH_MACAddressConfig
                0x000000000800148c       0x70 ./Drivers/STM32F7xx_HAL_Driver/Src/stm32f7xx_hal_eth.o
 .text.ETH_DMATxDescListInit
                0x00000000080014fc       0xb2 ./Drivers/STM32F7xx_HAL_Driver/Src/stm32f7xx_hal_eth.o
 .text.ETH_DMARxDescListInit
                0x00000000080015ae       0xda ./Drivers/STM32F7xx_HAL_Driver/Src/stm32f7xx_hal_eth.o
 .text.HAL_GPIO_Init
                0x0000000008001688      0x358 ./Drivers/STM32F7xx_HAL_Driver/Src/stm32f7xx_hal_gpio.o
                0x0000000008001688                HAL_GPIO_Init
 .text.HAL_GPIO_WritePin
                0x00000000080019e0       0x32 ./Drivers/STM32F7xx_HAL_Driver/Src/stm32f7xx_hal_gpio.o
                0x00000000080019e0                HAL_GPIO_WritePin
 .text.HAL_PCD_Init
                0x0000000008001a12      0x248 ./Drivers/STM32F7xx_HAL_Driver/Src/stm32f7xx_hal_pcd.o
                0x0000000008001a12                HAL_PCD_Init
 *fill*         0x0000000008001c5a        0x2 
 .text.HAL_PCDEx_ActivateLPM
                0x0000000008001c5c       0x48 ./Drivers/STM32F7xx_HAL_Driver/Src/stm32f7xx_hal_pcd_ex.o
                0x0000000008001c5c                HAL_PCDEx_ActivateLPM
 .text.HAL_PWR_EnableBkUpAccess
                0x0000000008001ca4       0x20 ./Drivers/STM32F7xx_HAL_Driver/Src/stm32f7xx_hal_pwr.o
                0x0000000008001ca4                HAL_PWR_EnableBkUpAccess
 .text.HAL_PWREx_EnableOverDrive
                0x0000000008001cc4       0xa0 ./Drivers/STM32F7xx_HAL_Driver/Src/stm32f7xx_hal_pwr_ex.o
                0x0000000008001cc4                HAL_PWREx_EnableOverDrive
 .text.HAL_RCC_OscConfig
                0x0000000008001d64      0x55c ./Drivers/STM32F7xx_HAL_Driver/Src/stm32f7xx_hal_rcc.o
                0x0000000008001d64                HAL_RCC_OscConfig
 .text.HAL_RCC_ClockConfig
                0x00000000080022c0      0x1d8 ./Drivers/STM32F7xx_HAL_Driver/Src/stm32f7xx_hal_rcc.o
                0x00000000080022c0                HAL_RCC_ClockConfig
 .text.HAL_RCC_GetSysClockFreq
                0x0000000008002498      0x20c ./Drivers/STM32F7xx_HAL_Driver/Src/stm32f7xx_hal_rcc.o
                0x0000000008002498                HAL_RCC_GetSysClockFreq
 .text.HAL_RCC_GetHCLKFreq
                0x00000000080026a4       0x18 ./Drivers/STM32F7xx_HAL_Driver/Src/stm32f7xx_hal_rcc.o
                0x00000000080026a4                HAL_RCC_GetHCLKFreq
 .text.HAL_RCC_GetPCLK1Freq
                0x00000000080026bc       0x28 ./Drivers/STM32F7xx_HAL_Driver/Src/stm32f7xx_hal_rcc.o
                0x00000000080026bc                HAL_RCC_GetPCLK1Freq
 .text.HAL_RCC_GetPCLK2Freq
                0x00000000080026e4       0x28 ./Drivers/STM32F7xx_HAL_Driver/Src/stm32f7xx_hal_rcc.o
                0x00000000080026e4                HAL_RCC_GetPCLK2Freq
 .text.HAL_RCCEx_PeriphCLKConfig
                0x000000000800270c      0x850 ./Drivers/STM32F7xx_HAL_Driver/Src/stm32f7xx_hal_rcc_ex.o
                0x000000000800270c                HAL_RCCEx_PeriphCLKConfig
 .text.HAL_UART_Init
                0x0000000008002f5c       0x9c ./Drivers/STM32F7xx_HAL_Driver/Src/stm32f7xx_hal_uart.o
                0x0000000008002f5c                HAL_UART_Init
 .text.UART_SetConfig
                0x0000000008002ff8      0x4c8 ./Drivers/STM32F7xx_HAL_Driver/Src/stm32f7xx_hal_uart.o
                0x0000000008002ff8                UART_SetConfig
 .text.UART_AdvFeatureConfig
                0x00000000080034c0      0x144 ./Drivers/STM32F7xx_HAL_Driver/Src/stm32f7xx_hal_uart.o
                0x00000000080034c0                UART_AdvFeatureConfig
 .text.UART_CheckIdleState
                0x0000000008003604       0x9a ./Drivers/STM32F7xx_HAL_Driver/Src/stm32f7xx_hal_uart.o
                0x0000000008003604                UART_CheckIdleState
 .text.UART_WaitOnFlagUntilTimeout
                0x000000000800369e      0x18c ./Drivers/STM32F7xx_HAL_Driver/Src/stm32f7xx_hal_uart.o
                0x000000000800369e                UART_WaitOnFlagUntilTimeout
 *fill*         0x000000000800382a        0x2 
 .text.USB_CoreInit
                0x000000000800382c       0xb0 ./Drivers/STM32F7xx_HAL_Driver/Src/stm32f7xx_ll_usb.o
                0x000000000800382c                USB_CoreInit
 .text.USB_DisableGlobalInt
                0x00000000080038dc       0x22 ./Drivers/STM32F7xx_HAL_Driver/Src/stm32f7xx_ll_usb.o
                0x00000000080038dc                USB_DisableGlobalInt
 .text.USB_SetCurrentMode
                0x00000000080038fe       0x98 ./Drivers/STM32F7xx_HAL_Driver/Src/stm32f7xx_ll_usb.o
                0x00000000080038fe                USB_SetCurrentMode
 *fill*         0x0000000008003996        0x2 
 .text.USB_DevInit
                0x0000000008003998      0x2bc ./Drivers/STM32F7xx_HAL_Driver/Src/stm32f7xx_ll_usb.o
                0x0000000008003998                USB_DevInit
 .text.USB_FlushTxFifo
                0x0000000008003c54       0x68 ./Drivers/STM32F7xx_HAL_Driver/Src/stm32f7xx_ll_usb.o
                0x0000000008003c54                USB_FlushTxFifo
 .text.USB_FlushRxFifo
                0x0000000008003cbc       0x60 ./Drivers/STM32F7xx_HAL_Driver/Src/stm32f7xx_ll_usb.o
                0x0000000008003cbc                USB_FlushRxFifo
 .text.USB_SetDevSpeed
                0x0000000008003d1c       0x32 ./Drivers/STM32F7xx_HAL_Driver/Src/stm32f7xx_ll_usb.o
                0x0000000008003d1c                USB_SetDevSpeed
 .text.USB_DevDisconnect
                0x0000000008003d4e       0x42 ./Drivers/STM32F7xx_HAL_Driver/Src/stm32f7xx_ll_usb.o
                0x0000000008003d4e                USB_DevDisconnect
 .text.USB_GetMode
                0x0000000008003d90       0x1c ./Drivers/STM32F7xx_HAL_Driver/Src/stm32f7xx_ll_usb.o
                0x0000000008003d90                USB_GetMode
 .text.USB_CoreReset
                0x0000000008003dac       0x68 ./Drivers/STM32F7xx_HAL_Driver/Src/stm32f7xx_ll_usb.o
 .text.__libc_init_array
                0x0000000008003e14       0x48 /opt/st/stm32cubeide_1.11.2/plugins/com.st.stm32cube.ide.mcu.externaltools.gnu-tools-for-stm32.10.3-2021.10.linux64_1.0.100.202210260954/tools/bin/../lib/gcc/arm-none-eabi/10.3.1/../../../../arm-none-eabi/lib/thumb/v7e-m+dp/hard/libc_nano.a(lib_a-init.o)
                0x0000000008003e14                __libc_init_array
 .text.memset   0x0000000008003e5c       0x10 /opt/st/stm32cubeide_1.11.2/plugins/com.st.stm32cube.ide.mcu.externaltools.gnu-tools-for-stm32.10.3-2021.10.linux64_1.0.100.202210260954/tools/bin/../lib/gcc/arm-none-eabi/10.3.1/../../../../arm-none-eabi/lib/thumb/v7e-m+dp/hard/libc_nano.a(lib_a-memset.o)
                0x0000000008003e5c                memset
 *(.glue_7)
 .glue_7        0x0000000008003e6c        0x0 linker stubs
 *(.glue_7t)
 .glue_7t       0x0000000008003e6c        0x0 linker stubs
 *(.eh_frame)
 .eh_frame      0x0000000008003e6c        0x0 /opt/st/stm32cubeide_1.11.2/plugins/com.st.stm32cube.ide.mcu.externaltools.gnu-tools-for-stm32.10.3-2021.10.linux64_1.0.100.202210260954/tools/bin/../lib/gcc/arm-none-eabi/10.3.1/thumb/v7e-m+dp/hard/crtbegin.o
 *(.init)
 .init          0x0000000008003e6c        0x4 /opt/st/stm32cubeide_1.11.2/plugins/com.st.stm32cube.ide.mcu.externaltools.gnu-tools-for-stm32.10.3-2021.10.linux64_1.0.100.202210260954/tools/bin/../lib/gcc/arm-none-eabi/10.3.1/thumb/v7e-m+dp/hard/crti.o
                0x0000000008003e6c                _init
 .init          0x0000000008003e70        0x8 /opt/st/stm32cubeide_1.11.2/plugins/com.st.stm32cube.ide.mcu.externaltools.gnu-tools-for-stm32.10.3-2021.10.linux64_1.0.100.202210260954/tools/bin/../lib/gcc/arm-none-eabi/10.3.1/thumb/v7e-m+dp/hard/crtn.o
 *(.fini)
 .fini          0x0000000008003e78        0x4 /opt/st/stm32cubeide_1.11.2/plugins/com.st.stm32cube.ide.mcu.externaltools.gnu-tools-for-stm32.10.3-2021.10.linux64_1.0.100.202210260954/tools/bin/../lib/gcc/arm-none-eabi/10.3.1/thumb/v7e-m+dp/hard/crti.o
                0x0000000008003e78                _fini
 .fini          0x0000000008003e7c        0x8 /opt/st/stm32cubeide_1.11.2/plugins/com.st.stm32cube.ide.mcu.externaltools.gnu-tools-for-stm32.10.3-2021.10.linux64_1.0.100.202210260954/tools/bin/../lib/gcc/arm-none-eabi/10.3.1/thumb/v7e-m+dp/hard/crtn.o
                0x0000000008003e84                . = ALIGN (0x4)
                0x0000000008003e84                _etext = .

.vfp11_veneer   0x0000000008003e84        0x0
 .vfp11_veneer  0x0000000008003e84        0x0 linker stubs

.v4_bx          0x0000000008003e84        0x0
 .v4_bx         0x0000000008003e84        0x0 linker stubs

.iplt           0x0000000008003e84        0x0
 .iplt          0x0000000008003e84        0x0 /opt/st/stm32cubeide_1.11.2/plugins/com.st.stm32cube.ide.mcu.externaltools.gnu-tools-for-stm32.10.3-2021.10.linux64_1.0.100.202210260954/tools/bin/../lib/gcc/arm-none-eabi/10.3.1/thumb/v7e-m+dp/hard/crtbegin.o

.rodata         0x0000000008003e84       0x18
                0x0000000008003e84                . = ALIGN (0x4)
 *(.rodata)
 *(.rodata*)
 .rodata.AHBPrescTable
                0x0000000008003e84       0x10 ./Core/Src/system_stm32f7xx.o
                0x0000000008003e84                AHBPrescTable
 .rodata.APBPrescTable
                0x0000000008003e94        0x8 ./Core/Src/system_stm32f7xx.o
                0x0000000008003e94                APBPrescTable
                0x0000000008003e9c                . = ALIGN (0x4)

.ARM.extab      0x0000000008003e9c        0x0
                0x0000000008003e9c                . = ALIGN (0x4)
 *(.ARM.extab* .gnu.linkonce.armextab.*)
                0x0000000008003e9c                . = ALIGN (0x4)

.ARM            0x0000000008003e9c        0x8
                0x0000000008003e9c                . = ALIGN (0x4)
                0x0000000008003e9c                __exidx_start = .
 *(.ARM.exidx*)
 .ARM.exidx     0x0000000008003e9c        0x8 /opt/st/stm32cubeide_1.11.2/plugins/com.st.stm32cube.ide.mcu.externaltools.gnu-tools-for-stm32.10.3-2021.10.linux64_1.0.100.202210260954/tools/bin/../lib/gcc/arm-none-eabi/10.3.1/thumb/v7e-m+dp/hard/libgcc.a(_udivmoddi4.o)
                0x0000000008003ea4                __exidx_end = .
                0x0000000008003ea4                . = ALIGN (0x4)

.rel.dyn        0x0000000008003ea4        0x0
 .rel.iplt      0x0000000008003ea4        0x0 /opt/st/stm32cubeide_1.11.2/plugins/com.st.stm32cube.ide.mcu.externaltools.gnu-tools-for-stm32.10.3-2021.10.linux64_1.0.100.202210260954/tools/bin/../lib/gcc/arm-none-eabi/10.3.1/thumb/v7e-m+dp/hard/crtbegin.o

.preinit_array  0x0000000008003ea4        0x0
                0x0000000008003ea4                . = ALIGN (0x4)
                0x0000000008003ea4                PROVIDE (__preinit_array_start = .)
 *(.preinit_array*)
                0x0000000008003ea4                PROVIDE (__preinit_array_end = .)
                0x0000000008003ea4                . = ALIGN (0x4)

.init_array     0x0000000008003ea4        0x4
                0x0000000008003ea4                . = ALIGN (0x4)
                0x0000000008003ea4                PROVIDE (__init_array_start = .)
 *(SORT_BY_NAME(.init_array.*))
 *(.init_array*)
 .init_array    0x0000000008003ea4        0x4 /opt/st/stm32cubeide_1.11.2/plugins/com.st.stm32cube.ide.mcu.externaltools.gnu-tools-for-stm32.10.3-2021.10.linux64_1.0.100.202210260954/tools/bin/../lib/gcc/arm-none-eabi/10.3.1/thumb/v7e-m+dp/hard/crtbegin.o
                0x0000000008003ea8                PROVIDE (__init_array_end = .)
                0x0000000008003ea8                . = ALIGN (0x4)

.fini_array     0x0000000008003ea8        0x4
                0x0000000008003ea8                . = ALIGN (0x4)
                [!provide]                        PROVIDE (__fini_array_start = .)
 *(SORT_BY_NAME(.fini_array.*))
 *(.fini_array*)
 .fini_array    0x0000000008003ea8        0x4 /opt/st/stm32cubeide_1.11.2/plugins/com.st.stm32cube.ide.mcu.externaltools.gnu-tools-for-stm32.10.3-2021.10.linux64_1.0.100.202210260954/tools/bin/../lib/gcc/arm-none-eabi/10.3.1/thumb/v7e-m+dp/hard/crtbegin.o
                [!provide]                        PROVIDE (__fini_array_end = .)
                0x0000000008003eac                . = ALIGN (0x4)
                0x0000000008003eac                _sidata = LOADADDR (.data)

.data           0x0000000020000000        0xc load address 0x0000000008003eac
                0x0000000020000000                . = ALIGN (0x4)
                0x0000000020000000                _sdata = .
 *(.data)
 *(.data*)
 .data.SystemCoreClock
                0x0000000020000000        0x4 ./Core/Src/system_stm32f7xx.o
                0x0000000020000000                SystemCoreClock
 .data.uwTickPrio
                0x0000000020000004        0x4 ./Drivers/STM32F7xx_HAL_Driver/Src/stm32f7xx_hal.o
                0x0000000020000004                uwTickPrio
 .data.uwTickFreq
                0x0000000020000008        0x1 ./Drivers/STM32F7xx_HAL_Driver/Src/stm32f7xx_hal.o
                0x0000000020000008                uwTickFreq
 *(.RamFunc)
 *(.RamFunc*)
                0x000000002000000c                . = ALIGN (0x4)
 *fill*         0x0000000020000009        0x3 
                0x000000002000000c                _edata = .

.igot.plt       0x000000002000000c        0x0 load address 0x0000000008003eb8
 .igot.plt      0x000000002000000c        0x0 /opt/st/stm32cubeide_1.11.2/plugins/com.st.stm32cube.ide.mcu.externaltools.gnu-tools-for-stm32.10.3-2021.10.linux64_1.0.100.202210260954/tools/bin/../lib/gcc/arm-none-eabi/10.3.1/thumb/v7e-m+dp/hard/crtbegin.o

.RxDecripSection
                0x000000002000000c       0xa0 load address 0x0000000008003eb8
 .RxDecripSection
                0x000000002000000c       0xa0 ./Core/Src/main.o
                0x000000002000000c                DMARxDscrTab

.TxDecripSection
                0x00000000200000ac       0xa0 load address 0x0000000008003f58
 .TxDecripSection
                0x00000000200000ac       0xa0 ./Core/Src/main.o
                0x00000000200000ac                DMATxDscrTab
                0x000000002000014c                . = ALIGN (0x4)

.bss            0x000000002000014c      0x6a0 load address 0x0000000008003ff8
                0x000000002000014c                _sbss = .
                0x000000002000014c                __bss_start__ = _sbss
 *(.bss)
 .bss           0x000000002000014c       0x1c /opt/st/stm32cubeide_1.11.2/plugins/com.st.stm32cube.ide.mcu.externaltools.gnu-tools-for-stm32.10.3-2021.10.linux64_1.0.100.202210260954/tools/bin/../lib/gcc/arm-none-eabi/10.3.1/thumb/v7e-m+dp/hard/crtbegin.o
 *(.bss*)
 .bss.TxConfig  0x0000000020000168       0x38 ./Core/Src/main.o
                0x0000000020000168                TxConfig
 .bss.heth      0x00000000200001a0       0xb0 ./Core/Src/main.o
                0x00000000200001a0                heth
 .bss.huart3    0x0000000020000250       0x88 ./Core/Src/main.o
                0x0000000020000250                huart3
 .bss.hpcd_USB_OTG_FS
                0x00000000200002d8      0x508 ./Core/Src/main.o
                0x00000000200002d8                hpcd_USB_OTG_FS
 .bss.MACAddr.0
                0x00000000200007e0        0x6 ./Core/Src/main.o
 *fill*         0x00000000200007e6        0x2 
 .bss.uwTick    0x00000000200007e8        0x4 ./Drivers/STM32F7xx_HAL_Driver/Src/stm32f7xx_hal.o
                0x00000000200007e8                uwTick
 *(COMMON)
                0x00000000200007ec                . = ALIGN (0x4)
                0x00000000200007ec                _ebss = .
                0x00000000200007ec                __bss_end__ = _ebss

._user_heap_stack
                0x00000000200007ec      0x604 load address 0x0000000008003ff8
                0x00000000200007f0                . = ALIGN (0x8)
 *fill*         0x00000000200007ec        0x4 
                [!provide]                        PROVIDE (end = .)
                0x00000000200007f0                PROVIDE (_end = .)
                0x00000000200009f0                . = (. + _Min_Heap_Size)
 *fill*         0x00000000200007f0      0x200 
                0x0000000020000df0                . = (. + _Min_Stack_Size)
 *fill*         0x00000000200009f0      0x400 
                0x0000000020000df0                . = ALIGN (0x8)

/DISCARD/
 libc.a(*)
 libm.a(*)
 libgcc.a(*)

.ARM.attributes
                0x0000000000000000       0x2e
 *(.ARM.attributes)
 .ARM.attributes
                0x0000000000000000       0x1e /opt/st/stm32cubeide_1.11.2/plugins/com.st.stm32cube.ide.mcu.externaltools.gnu-tools-for-stm32.10.3-2021.10.linux64_1.0.100.202210260954/tools/bin/../lib/gcc/arm-none-eabi/10.3.1/thumb/v7e-m+dp/hard/crti.o
 .ARM.attributes
                0x000000000000001e       0x32 /opt/st/stm32cubeide_1.11.2/plugins/com.st.stm32cube.ide.mcu.externaltools.gnu-tools-for-stm32.10.3-2021.10.linux64_1.0.100.202210260954/tools/bin/../lib/gcc/arm-none-eabi/10.3.1/thumb/v7e-m+dp/hard/crtbegin.o
 .ARM.attributes
                0x0000000000000050       0x32 ./Core/Src/main.o
 .ARM.attributes
                0x0000000000000082       0x32 ./Core/Src/stm32f7xx_hal_msp.o
 .ARM.attributes
                0x00000000000000b4       0x32 ./Core/Src/stm32f7xx_it.o
 .ARM.attributes
                0x00000000000000e6       0x32 ./Core/Src/system_stm32f7xx.o
 .ARM.attributes
                0x0000000000000118       0x21 ./Core/Startup/startup_stm32f767zitx.o
 .ARM.attributes
                0x0000000000000139       0x32 ./Drivers/STM32F7xx_HAL_Driver/Src/stm32f7xx_hal.o
 .ARM.attributes
                0x000000000000016b       0x32 ./Drivers/STM32F7xx_HAL_Driver/Src/stm32f7xx_hal_cortex.o
 .ARM.attributes
                0x000000000000019d       0x32 ./Drivers/STM32F7xx_HAL_Driver/Src/stm32f7xx_hal_eth.o
 .ARM.attributes
                0x00000000000001cf       0x32 ./Drivers/STM32F7xx_HAL_Driver/Src/stm32f7xx_hal_gpio.o
 .ARM.attributes
                0x0000000000000201       0x32 ./Drivers/STM32F7xx_HAL_Driver/Src/stm32f7xx_hal_pcd.o
 .ARM.attributes
                0x0000000000000233       0x32 ./Drivers/STM32F7xx_HAL_Driver/Src/stm32f7xx_hal_pcd_ex.o
 .ARM.attributes
                0x0000000000000265       0x32 ./Drivers/STM32F7xx_HAL_Driver/Src/stm32f7xx_hal_pwr.o
 .ARM.attributes
                0x0000000000000297       0x32 ./Drivers/STM32F7xx_HAL_Driver/Src/stm32f7xx_hal_pwr_ex.o
 .ARM.attributes
                0x00000000000002c9       0x32 ./Drivers/STM32F7xx_HAL_Driver/Src/stm32f7xx_hal_rcc.o
 .ARM.attributes
                0x00000000000002fb       0x32 ./Drivers/STM32F7xx_HAL_Driver/Src/stm32f7xx_hal_rcc_ex.o
 .ARM.attributes
                0x000000000000032d       0x32 ./Drivers/STM32F7xx_HAL_Driver/Src/stm32f7xx_hal_uart.o
 .ARM.attributes
                0x000000000000035f       0x32 ./Drivers/STM32F7xx_HAL_Driver/Src/stm32f7xx_ll_usb.o
 .ARM.attributes
                0x0000000000000391       0x32 /opt/st/stm32cubeide_1.11.2/plugins/com.st.stm32cube.ide.mcu.externaltools.gnu-tools-for-stm32.10.3-2021.10.linux64_1.0.100.202210260954/tools/bin/../lib/gcc/arm-none-eabi/10.3.1/../../../../arm-none-eabi/lib/thumb/v7e-m+dp/hard/libc_nano.a(lib_a-init.o)
 .ARM.attributes
                0x00000000000003c3       0x32 /opt/st/stm32cubeide_1.11.2/plugins/com.st.stm32cube.ide.mcu.externaltools.gnu-tools-for-stm32.10.3-2021.10.linux64_1.0.100.202210260954/tools/bin/../lib/gcc/arm-none-eabi/10.3.1/../../../../arm-none-eabi/lib/thumb/v7e-m+dp/hard/libc_nano.a(lib_a-memset.o)
 .ARM.attributes
                0x00000000000003f5       0x1e /opt/st/stm32cubeide_1.11.2/plugins/com.st.stm32cube.ide.mcu.externaltools.gnu-tools-for-stm32.10.3-2021.10.linux64_1.0.100.202210260954/tools/bin/../lib/gcc/arm-none-eabi/10.3.1/thumb/v7e-m+dp/hard/libgcc.a(_aeabi_uldivmod.o)
 .ARM.attributes
                0x0000000000000413       0x32 /opt/st/stm32cubeide_1.11.2/plugins/com.st.stm32cube.ide.mcu.externaltools.gnu-tools-for-stm32.10.3-2021.10.linux64_1.0.100.202210260954/tools/bin/../lib/gcc/arm-none-eabi/10.3.1/thumb/v7e-m+dp/hard/libgcc.a(_udivmoddi4.o)
 .ARM.attributes
                0x0000000000000445       0x1e /opt/st/stm32cubeide_1.11.2/plugins/com.st.stm32cube.ide.mcu.externaltools.gnu-tools-for-stm32.10.3-2021.10.linux64_1.0.100.202210260954/tools/bin/../lib/gcc/arm-none-eabi/10.3.1/thumb/v7e-m+dp/hard/libgcc.a(_dvmd_tls.o)
 .ARM.attributes
                0x0000000000000463       0x1e /opt/st/stm32cubeide_1.11.2/plugins/com.st.stm32cube.ide.mcu.externaltools.gnu-tools-for-stm32.10.3-2021.10.linux64_1.0.100.202210260954/tools/bin/../lib/gcc/arm-none-eabi/10.3.1/thumb/v7e-m+dp/hard/crtn.o
OUTPUT(LED.elf elf32-littlearm)
LOAD linker stubs
LOAD /opt/st/stm32cubeide_1.11.2/plugins/com.st.stm32cube.ide.mcu.externaltools.gnu-tools-for-stm32.10.3-2021.10.linux64_1.0.100.202210260954/tools/bin/../lib/gcc/arm-none-eabi/10.3.1/../../../../arm-none-eabi/lib/thumb/v7e-m+dp/hard/libc.a
LOAD /opt/st/stm32cubeide_1.11.2/plugins/com.st.stm32cube.ide.mcu.externaltools.gnu-tools-for-stm32.10.3-2021.10.linux64_1.0.100.202210260954/tools/bin/../lib/gcc/arm-none-eabi/10.3.1/../../../../arm-none-eabi/lib/thumb/v7e-m+dp/hard/libm.a
LOAD /opt/st/stm32cubeide_1.11.2/plugins/com.st.stm32cube.ide.mcu.externaltools.gnu-tools-for-stm32.10.3-2021.10.linux64_1.0.100.202210260954/tools/bin/../lib/gcc/arm-none-eabi/10.3.1/thumb/v7e-m+dp/hard/libgcc.a

.debug_info     0x0000000000000000    0x122b5
 .debug_info    0x0000000000000000     0x1d87 ./Core/Src/main.o
 .debug_info    0x0000000000001d87     0x1c77 ./Core/Src/stm32f7xx_hal_msp.o
 .debug_info    0x00000000000039fe      0x121 ./Core/Src/stm32f7xx_it.o
 .debug_info    0x0000000000003b1f      0x72c ./Core/Src/system_stm32f7xx.o
 .debug_info    0x000000000000424b       0x22 ./Core/Startup/startup_stm32f767zitx.o
 .debug_info    0x000000000000426d      0xa82 ./Drivers/STM32F7xx_HAL_Driver/Src/stm32f7xx_hal.o
 .debug_info    0x0000000000004cef     0x109c ./Drivers/STM32F7xx_HAL_Driver/Src/stm32f7xx_hal_cortex.o
 .debug_info    0x0000000000005d8b     0x2266 ./Drivers/STM32F7xx_HAL_Driver/Src/stm32f7xx_hal_eth.o
 .debug_info    0x0000000000007ff1      0x7a2 ./Drivers/STM32F7xx_HAL_Driver/Src/stm32f7xx_hal_gpio.o
 .debug_info    0x0000000000008793     0x16c1 ./Drivers/STM32F7xx_HAL_Driver/Src/stm32f7xx_hal_pcd.o
 .debug_info    0x0000000000009e54      0x7df ./Drivers/STM32F7xx_HAL_Driver/Src/stm32f7xx_hal_pcd_ex.o
 .debug_info    0x000000000000a633      0x978 ./Drivers/STM32F7xx_HAL_Driver/Src/stm32f7xx_hal_pwr.o
 .debug_info    0x000000000000afab      0x92e ./Drivers/STM32F7xx_HAL_Driver/Src/stm32f7xx_hal_pwr_ex.o
 .debug_info    0x000000000000b8d9      0x9f8 ./Drivers/STM32F7xx_HAL_Driver/Src/stm32f7xx_hal_rcc.o
 .debug_info    0x000000000000c2d1      0x78b ./Drivers/STM32F7xx_HAL_Driver/Src/stm32f7xx_hal_rcc_ex.o
 .debug_info    0x000000000000ca5c     0x3cf4 ./Drivers/STM32F7xx_HAL_Driver/Src/stm32f7xx_hal_uart.o
 .debug_info    0x0000000000010750     0x1b65 ./Drivers/STM32F7xx_HAL_Driver/Src/stm32f7xx_ll_usb.o

.debug_abbrev   0x0000000000000000     0x22b5
 .debug_abbrev  0x0000000000000000      0x2f5 ./Core/Src/main.o
 .debug_abbrev  0x00000000000002f5      0x268 ./Core/Src/stm32f7xx_hal_msp.o
 .debug_abbrev  0x000000000000055d       0x74 ./Core/Src/stm32f7xx_it.o
 .debug_abbrev  0x00000000000005d1      0x136 ./Core/Src/system_stm32f7xx.o
 .debug_abbrev  0x0000000000000707       0x12 ./Core/Startup/startup_stm32f767zitx.o
 .debug_abbrev  0x0000000000000719      0x20d ./Drivers/STM32F7xx_HAL_Driver/Src/stm32f7xx_hal.o
 .debug_abbrev  0x0000000000000926      0x316 ./Drivers/STM32F7xx_HAL_Driver/Src/stm32f7xx_hal_cortex.o
 .debug_abbrev  0x0000000000000c3c      0x2d3 ./Drivers/STM32F7xx_HAL_Driver/Src/stm32f7xx_hal_eth.o
 .debug_abbrev  0x0000000000000f0f      0x1c4 ./Drivers/STM32F7xx_HAL_Driver/Src/stm32f7xx_hal_gpio.o
 .debug_abbrev  0x00000000000010d3      0x2d2 ./Drivers/STM32F7xx_HAL_Driver/Src/stm32f7xx_hal_pcd.o
 .debug_abbrev  0x00000000000013a5      0x1bd ./Drivers/STM32F7xx_HAL_Driver/Src/stm32f7xx_hal_pcd_ex.o
 .debug_abbrev  0x0000000000001562      0x1b8 ./Drivers/STM32F7xx_HAL_Driver/Src/stm32f7xx_hal_pwr.o
 .debug_abbrev  0x000000000000171a      0x1cb ./Drivers/STM32F7xx_HAL_Driver/Src/stm32f7xx_hal_pwr_ex.o
 .debug_abbrev  0x00000000000018e5      0x2d1 ./Drivers/STM32F7xx_HAL_Driver/Src/stm32f7xx_hal_rcc.o
 .debug_abbrev  0x0000000000001bb6      0x1b9 ./Drivers/STM32F7xx_HAL_Driver/Src/stm32f7xx_hal_rcc_ex.o
 .debug_abbrev  0x0000000000001d6f      0x2ce ./Drivers/STM32F7xx_HAL_Driver/Src/stm32f7xx_hal_uart.o
 .debug_abbrev  0x000000000000203d      0x278 ./Drivers/STM32F7xx_HAL_Driver/Src/stm32f7xx_ll_usb.o

.debug_aranges  0x0000000000000000      0xd10
 .debug_aranges
                0x0000000000000000       0x50 ./Core/Src/main.o
 .debug_aranges
                0x0000000000000050       0x50 ./Core/Src/stm32f7xx_hal_msp.o
 .debug_aranges
                0x00000000000000a0       0x60 ./Core/Src/stm32f7xx_it.o
 .debug_aranges
                0x0000000000000100       0x28 ./Core/Src/system_stm32f7xx.o
 .debug_aranges
                0x0000000000000128       0x28 ./Core/Startup/startup_stm32f767zitx.o
 .debug_aranges
                0x0000000000000150      0x110 ./Drivers/STM32F7xx_HAL_Driver/Src/stm32f7xx_hal.o
 .debug_aranges
                0x0000000000000260      0x118 ./Drivers/STM32F7xx_HAL_Driver/Src/stm32f7xx_hal_cortex.o
 .debug_aranges
                0x0000000000000378      0x1e0 ./Drivers/STM32F7xx_HAL_Driver/Src/stm32f7xx_hal_eth.o
 .debug_aranges
                0x0000000000000558       0x58 ./Drivers/STM32F7xx_HAL_Driver/Src/stm32f7xx_hal_gpio.o
 .debug_aranges
                0x00000000000005b0      0x148 ./Drivers/STM32F7xx_HAL_Driver/Src/stm32f7xx_hal_pcd.o
 .debug_aranges
                0x00000000000006f8       0x48 ./Drivers/STM32F7xx_HAL_Driver/Src/stm32f7xx_hal_pcd_ex.o
 .debug_aranges
                0x0000000000000740       0xa0 ./Drivers/STM32F7xx_HAL_Driver/Src/stm32f7xx_hal_pwr.o
 .debug_aranges
                0x00000000000007e0       0x80 ./Drivers/STM32F7xx_HAL_Driver/Src/stm32f7xx_hal_pwr_ex.o
 .debug_aranges
                0x0000000000000860       0x88 ./Drivers/STM32F7xx_HAL_Driver/Src/stm32f7xx_hal_rcc.o
 .debug_aranges
                0x00000000000008e8       0x50 ./Drivers/STM32F7xx_HAL_Driver/Src/stm32f7xx_hal_rcc_ex.o
 .debug_aranges
                0x0000000000000938      0x230 ./Drivers/STM32F7xx_HAL_Driver/Src/stm32f7xx_hal_uart.o
 .debug_aranges
                0x0000000000000b68      0x1a8 ./Drivers/STM32F7xx_HAL_Driver/Src/stm32f7xx_ll_usb.o

.debug_ranges   0x0000000000000000      0xc38
 .debug_ranges  0x0000000000000000       0x40 ./Core/Src/main.o
 .debug_ranges  0x0000000000000040       0x40 ./Core/Src/stm32f7xx_hal_msp.o
 .debug_ranges  0x0000000000000080       0x50 ./Core/Src/stm32f7xx_it.o
 .debug_ranges  0x00000000000000d0       0x18 ./Core/Src/system_stm32f7xx.o
 .debug_ranges  0x00000000000000e8       0x20 ./Core/Startup/startup_stm32f767zitx.o
 .debug_ranges  0x0000000000000108      0x100 ./Drivers/STM32F7xx_HAL_Driver/Src/stm32f7xx_hal.o
 .debug_ranges  0x0000000000000208      0x108 ./Drivers/STM32F7xx_HAL_Driver/Src/stm32f7xx_hal_cortex.o
 .debug_ranges  0x0000000000000310      0x1d0 ./Drivers/STM32F7xx_HAL_Driver/Src/stm32f7xx_hal_eth.o
 .debug_ranges  0x00000000000004e0       0x48 ./Drivers/STM32F7xx_HAL_Driver/Src/stm32f7xx_hal_gpio.o
 .debug_ranges  0x0000000000000528      0x138 ./Drivers/STM32F7xx_HAL_Driver/Src/stm32f7xx_hal_pcd.o
 .debug_ranges  0x0000000000000660       0x38 ./Drivers/STM32F7xx_HAL_Driver/Src/stm32f7xx_hal_pcd_ex.o
 .debug_ranges  0x0000000000000698       0x90 ./Drivers/STM32F7xx_HAL_Driver/Src/stm32f7xx_hal_pwr.o
 .debug_ranges  0x0000000000000728       0x70 ./Drivers/STM32F7xx_HAL_Driver/Src/stm32f7xx_hal_pwr_ex.o
 .debug_ranges  0x0000000000000798       0x78 ./Drivers/STM32F7xx_HAL_Driver/Src/stm32f7xx_hal_rcc.o
 .debug_ranges  0x0000000000000810       0x40 ./Drivers/STM32F7xx_HAL_Driver/Src/stm32f7xx_hal_rcc_ex.o
 .debug_ranges  0x0000000000000850      0x250 ./Drivers/STM32F7xx_HAL_Driver/Src/stm32f7xx_hal_uart.o
 .debug_ranges  0x0000000000000aa0      0x198 ./Drivers/STM32F7xx_HAL_Driver/Src/stm32f7xx_ll_usb.o

.debug_macro    0x0000000000000000    0x28485
 .debug_macro   0x0000000000000000      0x2da ./Core/Src/main.o
 .debug_macro   0x00000000000002da      0xa90 ./Core/Src/main.o
 .debug_macro   0x0000000000000d6a      0x299 ./Core/Src/main.o
 .debug_macro   0x0000000000001003       0x2e ./Core/Src/main.o
 .debug_macro   0x0000000000001031       0x3b ./Core/Src/main.o
 .debug_macro   0x000000000000106c       0x22 ./Core/Src/main.o
 .debug_macro   0x000000000000108e       0x8e ./Core/Src/main.o
 .debug_macro   0x000000000000111c       0x51 ./Core/Src/main.o
 .debug_macro   0x000000000000116d      0x103 ./Core/Src/main.o
 .debug_macro   0x0000000000001270       0x6a ./Core/Src/main.o
 .debug_macro   0x00000000000012da      0x1df ./Core/Src/main.o
 .debug_macro   0x00000000000014b9       0x1c ./Core/Src/main.o
 .debug_macro   0x00000000000014d5       0x22 ./Core/Src/main.o
 .debug_macro   0x00000000000014f7       0xd9 ./Core/Src/main.o
 .debug_macro   0x00000000000015d0     0x12cd ./Core/Src/main.o
 .debug_macro   0x000000000000289d      0x11f ./Core/Src/main.o
 .debug_macro   0x00000000000029bc       0x19 ./Core/Src/main.o
 .debug_macro   0x00000000000029d5    0x1aa0d ./Core/Src/main.o
 .debug_macro   0x000000000001d3e2       0x6d ./Core/Src/main.o
 .debug_macro   0x000000000001d44f     0x3749 ./Core/Src/main.o
 .debug_macro   0x0000000000020b98      0x174 ./Core/Src/main.o
 .debug_macro   0x0000000000020d0c       0x63 ./Core/Src/main.o
 .debug_macro   0x0000000000020d6f     0x1add ./Core/Src/main.o
 .debug_macro   0x000000000002284c      0x6c4 ./Core/Src/main.o
 .debug_macro   0x0000000000022f10      0x18b ./Core/Src/main.o
 .debug_macro   0x000000000002309b      0x115 ./Core/Src/main.o
 .debug_macro   0x00000000000231b0      0x26e ./Core/Src/main.o
 .debug_macro   0x000000000002341e       0xa5 ./Core/Src/main.o
 .debug_macro   0x00000000000234c3      0x24f ./Core/Src/main.o
 .debug_macro   0x0000000000023712       0x71 ./Core/Src/main.o
 .debug_macro   0x0000000000023783       0x58 ./Core/Src/main.o
 .debug_macro   0x00000000000237db      0x236 ./Core/Src/main.o
 .debug_macro   0x0000000000023a11      0xd44 ./Core/Src/main.o
 .debug_macro   0x0000000000024755      0x14e ./Core/Src/main.o
 .debug_macro   0x00000000000248a3      0x3db ./Core/Src/main.o
 .debug_macro   0x0000000000024c7e       0x12 ./Core/Src/main.o
 .debug_macro   0x0000000000024c90      0x22c ./Core/Src/main.o
 .debug_macro   0x0000000000024ebc       0x61 ./Core/Src/main.o
 .debug_macro   0x0000000000024f1d       0xa5 ./Core/Src/main.o
 .debug_macro   0x0000000000024fc2      0x12e ./Core/Src/main.o
 .debug_macro   0x00000000000250f0      0x108 ./Core/Src/main.o
 .debug_macro   0x00000000000251f8       0x35 ./Core/Src/main.o
 .debug_macro   0x000000000002522d      0x5ba ./Core/Src/main.o
 .debug_macro   0x00000000000257e7       0x44 ./Core/Src/main.o
 .debug_macro   0x000000000002582b      0x256 ./Core/Src/main.o
 .debug_macro   0x0000000000025a81       0xba ./Core/Src/main.o
 .debug_macro   0x0000000000025b3b      0x15b ./Core/Src/main.o
 .debug_macro   0x0000000000025c96      0x13c ./Core/Src/main.o
 .debug_macro   0x0000000000025dd2       0x52 ./Core/Src/main.o
 .debug_macro   0x0000000000025e24       0x1d ./Core/Src/main.o
 .debug_macro   0x0000000000025e41       0x3c ./Core/Src/main.o
 .debug_macro   0x0000000000025e7d       0x34 ./Core/Src/main.o
 .debug_macro   0x0000000000025eb1       0x16 ./Core/Src/main.o
 .debug_macro   0x0000000000025ec7       0x43 ./Core/Src/main.o
 .debug_macro   0x0000000000025f0a       0x34 ./Core/Src/main.o
 .debug_macro   0x0000000000025f3e       0x10 ./Core/Src/main.o
 .debug_macro   0x0000000000025f4e       0x58 ./Core/Src/main.o
 .debug_macro   0x0000000000025fa6       0x71 ./Core/Src/main.o
 .debug_macro   0x0000000000026017       0x1c ./Core/Src/main.o
 .debug_macro   0x0000000000026033      0x12a ./Core/Src/main.o
 .debug_macro   0x000000000002615d      0x341 ./Core/Src/main.o
 .debug_macro   0x000000000002649e       0x10 ./Core/Src/main.o
 .debug_macro   0x00000000000264ae       0x35 ./Core/Src/main.o
 .debug_macro   0x00000000000264e3       0x20 ./Core/Src/main.o
 .debug_macro   0x0000000000026503      0x20c ./Core/Src/stm32f7xx_hal_msp.o
 .debug_macro   0x000000000002670f      0x216 ./Core/Src/stm32f7xx_it.o
 .debug_macro   0x0000000000026925      0x1fd ./Core/Src/system_stm32f7xx.o
 .debug_macro   0x0000000000026b22      0x221 ./Drivers/STM32F7xx_HAL_Driver/Src/stm32f7xx_hal.o
 .debug_macro   0x0000000000026d43      0x1fd ./Drivers/STM32F7xx_HAL_Driver/Src/stm32f7xx_hal_cortex.o
 .debug_macro   0x0000000000026f40      0x2d7 ./Drivers/STM32F7xx_HAL_Driver/Src/stm32f7xx_hal_eth.o
 .debug_macro   0x0000000000027217      0x203 ./Drivers/STM32F7xx_HAL_Driver/Src/stm32f7xx_hal_gpio.o
 .debug_macro   0x000000000002741a      0x209 ./Drivers/STM32F7xx_HAL_Driver/Src/stm32f7xx_hal_pcd.o
 .debug_macro   0x0000000000027623      0x1fd ./Drivers/STM32F7xx_HAL_Driver/Src/stm32f7xx_hal_pcd_ex.o
 .debug_macro   0x0000000000027820      0x21b ./Drivers/STM32F7xx_HAL_Driver/Src/stm32f7xx_hal_pwr.o
 .debug_macro   0x0000000000027a3b      0x215 ./Drivers/STM32F7xx_HAL_Driver/Src/stm32f7xx_hal_pwr_ex.o
 .debug_macro   0x0000000000027c50      0x221 ./Drivers/STM32F7xx_HAL_Driver/Src/stm32f7xx_hal_rcc.o
 .debug_macro   0x0000000000027e71      0x1fd ./Drivers/STM32F7xx_HAL_Driver/Src/stm32f7xx_hal_rcc_ex.o
 .debug_macro   0x000000000002806e      0x21a ./Drivers/STM32F7xx_HAL_Driver/Src/stm32f7xx_hal_uart.o
 .debug_macro   0x0000000000028288      0x1fd ./Drivers/STM32F7xx_HAL_Driver/Src/stm32f7xx_ll_usb.o

.debug_line     0x0000000000000000     0xf525
 .debug_line    0x0000000000000000      0xa1d ./Core/Src/main.o
 .debug_line    0x0000000000000a1d      0x84d ./Core/Src/stm32f7xx_hal_msp.o
 .debug_line    0x000000000000126a      0x7ba ./Core/Src/stm32f7xx_it.o
 .debug_line    0x0000000000001a24      0x777 ./Core/Src/system_stm32f7xx.o
 .debug_line    0x000000000000219b       0x88 ./Core/Startup/startup_stm32f767zitx.o
 .debug_line    0x0000000000002223      0xa38 ./Drivers/STM32F7xx_HAL_Driver/Src/stm32f7xx_hal.o
 .debug_line    0x0000000000002c5b      0xc8e ./Drivers/STM32F7xx_HAL_Driver/Src/stm32f7xx_hal_cortex.o
 .debug_line    0x00000000000038e9     0x1950 ./Drivers/STM32F7xx_HAL_Driver/Src/stm32f7xx_hal_eth.o
 .debug_line    0x0000000000005239      0xb7c ./Drivers/STM32F7xx_HAL_Driver/Src/stm32f7xx_hal_gpio.o
 .debug_line    0x0000000000005db5     0x1453 ./Drivers/STM32F7xx_HAL_Driver/Src/stm32f7xx_hal_pcd.o
 .debug_line    0x0000000000007208      0x809 ./Drivers/STM32F7xx_HAL_Driver/Src/stm32f7xx_hal_pcd_ex.o
 .debug_line    0x0000000000007a11      0x90c ./Drivers/STM32F7xx_HAL_Driver/Src/stm32f7xx_hal_pwr.o
 .debug_line    0x000000000000831d      0x97d ./Drivers/STM32F7xx_HAL_Driver/Src/stm32f7xx_hal_pwr_ex.o
 .debug_line    0x0000000000008c9a      0xe7a ./Drivers/STM32F7xx_HAL_Driver/Src/stm32f7xx_hal_rcc.o
 .debug_line    0x0000000000009b14      0xe56 ./Drivers/STM32F7xx_HAL_Driver/Src/stm32f7xx_hal_rcc_ex.o
 .debug_line    0x000000000000a96a     0x30fb ./Drivers/STM32F7xx_HAL_Driver/Src/stm32f7xx_hal_uart.o
 .debug_line    0x000000000000da65     0x1ac0 ./Drivers/STM32F7xx_HAL_Driver/Src/stm32f7xx_ll_usb.o

.debug_str      0x0000000000000000    0xf92a2
 .debug_str     0x0000000000000000    0xf4e15 ./Core/Src/main.o
                                      0xf55ea (size before relaxing)
 .debug_str     0x00000000000f4e15      0x33d ./Core/Src/stm32f7xx_hal_msp.o
                                      0xf279d (size before relaxing)
 .debug_str     0x00000000000f5152       0xc9 ./Core/Src/stm32f7xx_it.o
                                      0xf15ac (size before relaxing)
 .debug_str     0x00000000000f521b      0x190 ./Core/Src/system_stm32f7xx.o
                                      0xf12d4 (size before relaxing)
 .debug_str     0x00000000000f53ab       0x36 ./Core/Startup/startup_stm32f767zitx.o
                                         0x6b (size before relaxing)
 .debug_str     0x00000000000f53e1      0xa90 ./Drivers/STM32F7xx_HAL_Driver/Src/stm32f7xx_hal.o
                                      0xf1d14 (size before relaxing)
 .debug_str     0x00000000000f5e71      0x33e ./Drivers/STM32F7xx_HAL_Driver/Src/stm32f7xx_hal_cortex.o
                                      0xf1cc4 (size before relaxing)
 .debug_str     0x00000000000f61af     0x11c7 ./Drivers/STM32F7xx_HAL_Driver/Src/stm32f7xx_hal_eth.o
                                      0xf2aa1 (size before relaxing)
 .debug_str     0x00000000000f7376       0xe8 ./Drivers/STM32F7xx_HAL_Driver/Src/stm32f7xx_hal_gpio.o
                                      0xf1392 (size before relaxing)
 .debug_str     0x00000000000f745e      0x81e ./Drivers/STM32F7xx_HAL_Driver/Src/stm32f7xx_hal_pcd.o
                                      0xf1cf1 (size before relaxing)
 .debug_str     0x00000000000f7c7c      0x12d ./Drivers/STM32F7xx_HAL_Driver/Src/stm32f7xx_hal_pcd_ex.o
                                      0xf15f2 (size before relaxing)
 .debug_str     0x00000000000f7da9      0x2ac ./Drivers/STM32F7xx_HAL_Driver/Src/stm32f7xx_hal_pwr.o
                                      0xf1575 (size before relaxing)
 .debug_str     0x00000000000f8055      0x1bd ./Drivers/STM32F7xx_HAL_Driver/Src/stm32f7xx_hal_pwr_ex.o
                                      0xf1543 (size before relaxing)
 .debug_str     0x00000000000f8212      0x24c ./Drivers/STM32F7xx_HAL_Driver/Src/stm32f7xx_hal_rcc.o
                                      0xf164f (size before relaxing)
 .debug_str     0x00000000000f845e      0x13f ./Drivers/STM32F7xx_HAL_Driver/Src/stm32f7xx_hal_rcc_ex.o
                                      0xf15b2 (size before relaxing)
 .debug_str     0x00000000000f859d      0x8aa ./Drivers/STM32F7xx_HAL_Driver/Src/stm32f7xx_hal_uart.o
                                      0xf1f9d (size before relaxing)
 .debug_str     0x00000000000f8e47      0x45b ./Drivers/STM32F7xx_HAL_Driver/Src/stm32f7xx_ll_usb.o
                                      0xf1b77 (size before relaxing)

.comment        0x0000000000000000       0x50
 .comment       0x0000000000000000       0x50 ./Core/Src/main.o
                                         0x51 (size before relaxing)
 .comment       0x0000000000000050       0x51 ./Core/Src/stm32f7xx_hal_msp.o
 .comment       0x0000000000000050       0x51 ./Core/Src/stm32f7xx_it.o
 .comment       0x0000000000000050       0x51 ./Core/Src/system_stm32f7xx.o
 .comment       0x0000000000000050       0x51 ./Drivers/STM32F7xx_HAL_Driver/Src/stm32f7xx_hal.o
 .comment       0x0000000000000050       0x51 ./Drivers/STM32F7xx_HAL_Driver/Src/stm32f7xx_hal_cortex.o
 .comment       0x0000000000000050       0x51 ./Drivers/STM32F7xx_HAL_Driver/Src/stm32f7xx_hal_eth.o
 .comment       0x0000000000000050       0x51 ./Drivers/STM32F7xx_HAL_Driver/Src/stm32f7xx_hal_gpio.o
 .comment       0x0000000000000050       0x51 ./Drivers/STM32F7xx_HAL_Driver/Src/stm32f7xx_hal_pcd.o
 .comment       0x0000000000000050       0x51 ./Drivers/STM32F7xx_HAL_Driver/Src/stm32f7xx_hal_pcd_ex.o
 .comment       0x0000000000000050       0x51 ./Drivers/STM32F7xx_HAL_Driver/Src/stm32f7xx_hal_pwr.o
 .comment       0x0000000000000050       0x51 ./Drivers/STM32F7xx_HAL_Driver/Src/stm32f7xx_hal_pwr_ex.o
 .comment       0x0000000000000050       0x51 ./Drivers/STM32F7xx_HAL_Driver/Src/stm32f7xx_hal_rcc.o
 .comment       0x0000000000000050       0x51 ./Drivers/STM32F7xx_HAL_Driver/Src/stm32f7xx_hal_rcc_ex.o
 .comment       0x0000000000000050       0x51 ./Drivers/STM32F7xx_HAL_Driver/Src/stm32f7xx_hal_uart.o
 .comment       0x0000000000000050       0x51 ./Drivers/STM32F7xx_HAL_Driver/Src/stm32f7xx_ll_usb.o

.debug_frame    0x0000000000000000     0x3650
 .debug_frame   0x0000000000000000       0xe0 ./Core/Src/main.o
 .debug_frame   0x00000000000000e0      0x118 ./Core/Src/stm32f7xx_hal_msp.o
 .debug_frame   0x00000000000001f8      0x104 ./Core/Src/stm32f7xx_it.o
 .debug_frame   0x00000000000002fc       0x58 ./Core/Src/system_stm32f7xx.o
 .debug_frame   0x0000000000000354      0x3f4 ./Drivers/STM32F7xx_HAL_Driver/Src/stm32f7xx_hal.o
 .debug_frame   0x0000000000000748      0x498 ./Drivers/STM32F7xx_HAL_Driver/Src/stm32f7xx_hal_cortex.o
 .debug_frame   0x0000000000000be0      0x898 ./Drivers/STM32F7xx_HAL_Driver/Src/stm32f7xx_hal_eth.o
 .debug_frame   0x0000000000001478      0x14c ./Drivers/STM32F7xx_HAL_Driver/Src/stm32f7xx_hal_gpio.o
 .debug_frame   0x00000000000015c4      0x5bc ./Drivers/STM32F7xx_HAL_Driver/Src/stm32f7xx_hal_pcd.o
 .debug_frame   0x0000000000001b80      0x100 ./Drivers/STM32F7xx_HAL_Driver/Src/stm32f7xx_hal_pcd_ex.o
 .debug_frame   0x0000000000001c80      0x254 ./Drivers/STM32F7xx_HAL_Driver/Src/stm32f7xx_hal_pwr.o
 .debug_frame   0x0000000000001ed4      0x1c8 ./Drivers/STM32F7xx_HAL_Driver/Src/stm32f7xx_hal_pwr_ex.o
 .debug_frame   0x000000000000209c      0x1f8 ./Drivers/STM32F7xx_HAL_Driver/Src/stm32f7xx_hal_rcc.o
 .debug_frame   0x0000000000002294      0x118 ./Drivers/STM32F7xx_HAL_Driver/Src/stm32f7xx_hal_rcc_ex.o
 .debug_frame   0x00000000000023ac      0xa10 ./Drivers/STM32F7xx_HAL_Driver/Src/stm32f7xx_hal_uart.o
 .debug_frame   0x0000000000002dbc      0x7e8 ./Drivers/STM32F7xx_HAL_Driver/Src/stm32f7xx_ll_usb.o
 .debug_frame   0x00000000000035a4       0x2c /opt/st/stm32cubeide_1.11.2/plugins/com.st.stm32cube.ide.mcu.externaltools.gnu-tools-for-stm32.10.3-2021.10.linux64_1.0.100.202210260954/tools/bin/../lib/gcc/arm-none-eabi/10.3.1/../../../../arm-none-eabi/lib/thumb/v7e-m+dp/hard/libc_nano.a(lib_a-init.o)
 .debug_frame   0x00000000000035d0       0x20 /opt/st/stm32cubeide_1.11.2/plugins/com.st.stm32cube.ide.mcu.externaltools.gnu-tools-for-stm32.10.3-2021.10.linux64_1.0.100.202210260954/tools/bin/../lib/gcc/arm-none-eabi/10.3.1/../../../../arm-none-eabi/lib/thumb/v7e-m+dp/hard/libc_nano.a(lib_a-memset.o)
 .debug_frame   0x00000000000035f0       0x2c /opt/st/stm32cubeide_1.11.2/plugins/com.st.stm32cube.ide.mcu.externaltools.gnu-tools-for-stm32.10.3-2021.10.linux64_1.0.100.202210260954/tools/bin/../lib/gcc/arm-none-eabi/10.3.1/thumb/v7e-m+dp/hard/libgcc.a(_aeabi_uldivmod.o)
 .debug_frame   0x000000000000361c       0x34 /opt/st/stm32cubeide_1.11.2/plugins/com.st.stm32cube.ide.mcu.externaltools.gnu-tools-for-stm32.10.3-2021.10.linux64_1.0.100.202210260954/tools/bin/../lib/gcc/arm-none-eabi/10.3.1/thumb/v7e-m+dp/hard/libgcc.a(_udivmoddi4.o)
